Cannot create cache home directory: '/home/x/.cache/ezdxf', cache files will not be saved.
See also issue https://github.com/mozman/ezdxf/issues/923.
Checking door sweep
Checking body clearance: pino_dobradica_22
Checking body clearance: pino_dobradica_102
Checking body clearance: porca_impressa_fecho_30
Checking body clearance: lingueta_fecho_30
Checking body clearance: manipulo_fecho_30
Checking body clearance: porca_impressa_fecho_116
Checking body clearance: lingueta_fecho_116
Checking body clearance: manipulo_fecho_116
Checking body clearance: bandeja_1
Checking body clearance: bandeja_2
Checking body clearance: bandeja_3
Checking rigid pair: pino_dobradica_22 porta_articulada
Checking rigid pair: pino_dobradica_102 porta_articulada
Checking rigid pair: lingueta_fecho_30 manipulo_fecho_30
Checking rigid pair: lingueta_fecho_30 porta_articulada
Checking rigid pair: manipulo_fecho_30 porta_articulada
Checking rigid pair: lingueta_fecho_116 manipulo_fecho_116
Checking rigid pair: lingueta_fecho_116 porta_articulada
Checking rigid pair: manipulo_fecho_116 porta_articulada
Checking rigid pair: bandeja_1 uslide_referencia_1
Checking rigid pair: bandeja_2 uslide_referencia_2
Checking rigid pair: bandeja_3 uslide_referencia_3
Checking rigid pair: porca_tampa_1 parafuso_tampa_1
Checking rigid pair: porca_tampa_1 tampa_manutencao_CO2_eletronica
Checking rigid pair: parafuso_tampa_1 arruela_tampa_1
Checking rigid pair: parafuso_tampa_1 tampa_manutencao_CO2_eletronica
Checking rigid pair: parafuso_tampa_1 tampa_misturador
Checking rigid pair: arruela_tampa_1 tampa_manutencao_CO2_eletronica
Checking rigid pair: porca_tampa_2 parafuso_tampa_2
Checking rigid pair: porca_tampa_2 tampa_manutencao_CO2_eletronica
Checking rigid pair: parafuso_tampa_2 arruela_tampa_2
Checking rigid pair: parafuso_tampa_2 tampa_manutencao_CO2_eletronica
Checking rigid pair: parafuso_tampa_2 tampa_misturador
Checking rigid pair: arruela_tampa_2 tampa_manutencao_CO2_eletronica
Checking rigid pair: porca_tampa_3 parafuso_tampa_3
Checking rigid pair: porca_tampa_3 tampa_manutencao_CO2_eletronica
Checking rigid pair: parafuso_tampa_3 arruela_tampa_3
Checking rigid pair: parafuso_tampa_3 tampa_manutencao_CO2_eletronica
Checking rigid pair: parafuso_tampa_3 tampa_misturador
Checking rigid pair: arruela_tampa_3 tampa_manutencao_CO2_eletronica
Checking rigid pair: placa_eletronica_referencia tampa_manutencao_CO2_eletronica
Checking rigid pair: tampa_manutencao_CO2_eletronica tampa_misturador
Checking rigid pair: tampa_manutencao_CO2_eletronica sensor_referencia
Checking rigid pair: tampa_misturador sensor_referencia
Rigid-parts clash audit passed: 33 overlapping bounding-box pairs
Exporting validated parts
42 valid parts exported
Door and lid removal checked; both gasket feet fit; coupons valid
